Replace Part C1 100nF-50V-0402 in \\Mac\Home\Documents\Sola\6\NacrtovanjeTiskanihVezjiInElektromagnetnaZdruzljivost\STM_mikrokrmilnik\STM_mikrokrmilnik\DesignFiles\SCH\STM_mcu.SchDoc with 100nF-50V-0402 from STM_mcu.SchLib
Replace Part C2 100nF-50V-0402 in \\Mac\Home\Documents\Sola\6\NacrtovanjeTiskanihVezjiInElektromagnetnaZdruzljivost\STM_mikrokrmilnik\STM_mikrokrmilnik\DesignFiles\SCH\STM_mcu.SchDoc with 100nF-50V-0402 from STM_mcu.SchLib
Replace Part C3 4,7uF-25V-0603 in \\Mac\Home\Documents\Sola\6\NacrtovanjeTiskanihVezjiInElektromagnetnaZdruzljivost\STM_mikrokrmilnik\STM_mikrokrmilnik\DesignFiles\SCH\STM_mcu.SchDoc with 4,7uF-25V-0603 from STM_mcu.SchLib
Replace Part C4 100nF-50V-0402 in \\Mac\Home\Documents\Sola\6\NacrtovanjeTiskanihVezjiInElektromagnetnaZdruzljivost\STM_mikrokrmilnik\STM_mikrokrmilnik\DesignFiles\SCH\STM_mcu.SchDoc with 100nF-50V-0402 from STM_mcu.SchLib
Replace Part C5 100nF-50V-0402 in \\Mac\Home\Documents\Sola\6\NacrtovanjeTiskanihVezjiInElektromagnetnaZdruzljivost\STM_mikrokrmilnik\STM_mikrokrmilnik\DesignFiles\SCH\STM_mcu.SchDoc with 100nF-50V-0402 from STM_mcu.SchLib
Replace Part C6 4,7uF-25V-0603 in \\Mac\Home\Documents\Sola\6\NacrtovanjeTiskanihVezjiInElektromagnetnaZdruzljivost\STM_mikrokrmilnik\STM_mikrokrmilnik\DesignFiles\SCH\STM_mcu.SchDoc with 4,7uF-25V-0603 from STM_mcu.SchLib
Replace Part C7 100nF-50V-0402 in \\Mac\Home\Documents\Sola\6\NacrtovanjeTiskanihVezjiInElektromagnetnaZdruzljivost\STM_mikrokrmilnik\STM_mikrokrmilnik\DesignFiles\SCH\STM_mcu.SchDoc with 100nF-50V-0402 from STM_mcu.SchLib
Replace Part C8 4,7uF-25V-0603 in \\Mac\Home\Documents\Sola\6\NacrtovanjeTiskanihVezjiInElektromagnetnaZdruzljivost\STM_mikrokrmilnik\STM_mikrokrmilnik\DesignFiles\SCH\STM_mcu.SchDoc with 4,7uF-25V-0603 from STM_mcu.SchLib
Replace Part C9 1uF-25V-0603 in \\Mac\Home\Documents\Sola\6\NacrtovanjeTiskanihVezjiInElektromagnetnaZdruzljivost\STM_mikrokrmilnik\STM_mikrokrmilnik\DesignFiles\SCH\STM_mcu.SchDoc with 1uF-25V-0603 from STM_mcu.SchLib
Replace Part C10 1uF-25V-0603 in \\Mac\Home\Documents\Sola\6\NacrtovanjeTiskanihVezjiInElektromagnetnaZdruzljivost\STM_mikrokrmilnik\STM_mikrokrmilnik\DesignFiles\SCH\STM_mcu.SchDoc with 1uF-25V-0603 from STM_mcu.SchLib
Replace Part J2 TSW-112-07-L-S in \\Mac\Home\Documents\Sola\6\NacrtovanjeTiskanihVezjiInElektromagnetnaZdruzljivost\STM_mikrokrmilnik\STM_mikrokrmilnik\DesignFiles\SCH\STM_mcu.SchDoc with TSW-112-07-L-S from STM_mcu.SchLib
Replace Part J3 USB_1054500101 in \\Mac\Home\Documents\Sola\6\NacrtovanjeTiskanihVezjiInElektromagnetnaZdruzljivost\STM_mikrokrmilnik\STM_mikrokrmilnik\DesignFiles\SCH\STM_mcu.SchDoc with USB_1054500101 from STM_mcu.SchLib
Replace Part J3 USB_1054500101 in \\Mac\Home\Documents\Sola\6\NacrtovanjeTiskanihVezjiInElektromagnetnaZdruzljivost\STM_mikrokrmilnik\STM_mikrokrmilnik\DesignFiles\SCH\STM_mcu.SchDoc with USB_1054500101 from STM_mcu.SchLib
Replace Part J4 TSW-102-07-S-S in \\Mac\Home\Documents\Sola\6\NacrtovanjeTiskanihVezjiInElektromagnetnaZdruzljivost\STM_mikrokrmilnik\STM_mikrokrmilnik\DesignFiles\SCH\STM_mcu.SchDoc with TSW-102-07-S-S from STM_mcu.SchLib
Replace Part LED1 LED-Blue-0603 in \\Mac\Home\Documents\Sola\6\NacrtovanjeTiskanihVezjiInElektromagnetnaZdruzljivost\STM_mikrokrmilnik\STM_mikrokrmilnik\DesignFiles\SCH\STM_mcu.SchDoc with LED-Blue-0603 from STM_mcu.SchLib
Replace Part R1 10kR-1%-0402 in \\Mac\Home\Documents\Sola\6\NacrtovanjeTiskanihVezjiInElektromagnetnaZdruzljivost\STM_mikrokrmilnik\STM_mikrokrmilnik\DesignFiles\SCH\STM_mcu.SchDoc with 10kR-1%-0402 from STM_mcu.SchLib
Replace Part R2 10kR-1%-0402 in \\Mac\Home\Documents\Sola\6\NacrtovanjeTiskanihVezjiInElektromagnetnaZdruzljivost\STM_mikrokrmilnik\STM_mikrokrmilnik\DesignFiles\SCH\STM_mcu.SchDoc with 10kR-1%-0402 from STM_mcu.SchLib
Replace Part R3 5,1kR-1%-0402 in \\Mac\Home\Documents\Sola\6\NacrtovanjeTiskanihVezjiInElektromagnetnaZdruzljivost\STM_mikrokrmilnik\STM_mikrokrmilnik\DesignFiles\SCH\STM_mcu.SchDoc with 5,1kR-1%-0402 from STM_mcu.SchLib
Replace Part R4 5,1kR-1%-0402 in \\Mac\Home\Documents\Sola\6\NacrtovanjeTiskanihVezjiInElektromagnetnaZdruzljivost\STM_mikrokrmilnik\STM_mikrokrmilnik\DesignFiles\SCH\STM_mcu.SchDoc with 5,1kR-1%-0402 from STM_mcu.SchLib
Replace Part R5 510R-1%-0402 in \\Mac\Home\Documents\Sola\6\NacrtovanjeTiskanihVezjiInElektromagnetnaZdruzljivost\STM_mikrokrmilnik\STM_mikrokrmilnik\DesignFiles\SCH\STM_mcu.SchDoc with 510R-1%-0402 from STM_mcu.SchLib
Replace Part S1 SWT0310-043016GSA in \\Mac\Home\Documents\Sola\6\NacrtovanjeTiskanihVezjiInElektromagnetnaZdruzljivost\STM_mikrokrmilnik\STM_mikrokrmilnik\DesignFiles\SCH\STM_mcu.SchDoc with SWT0310-043016GSA from STM_mcu.SchLib
Replace Part U1 STM32F042K6T6 in \\Mac\Home\Documents\Sola\6\NacrtovanjeTiskanihVezjiInElektromagnetnaZdruzljivost\STM_mikrokrmilnik\STM_mikrokrmilnik\DesignFiles\SCH\STM_mcu.SchDoc with STM32F042K6T6 from STM_mcu.SchLib
Replace Part U1 STM32F042K6T6 in \\Mac\Home\Documents\Sola\6\NacrtovanjeTiskanihVezjiInElektromagnetnaZdruzljivost\STM_mikrokrmilnik\STM_mikrokrmilnik\DesignFiles\SCH\STM_mcu.SchDoc with STM32F042K6T6 from STM_mcu.SchLib
Replace Part U2 LP5912-3.3DRVR in \\Mac\Home\Documents\Sola\6\NacrtovanjeTiskanihVezjiInElektromagnetnaZdruzljivost\STM_mikrokrmilnik\STM_mikrokrmilnik\DesignFiles\SCH\STM_mcu.SchDoc with LP5912-3.3DRVR from STM_mcu.SchLib
Replace Part y TSW-112-07-L-S in \\Mac\Home\Documents\Sola\6\NacrtovanjeTiskanihVezjiInElektromagnetnaZdruzljivost\STM_mikrokrmilnik\STM_mikrokrmilnik\DesignFiles\SCH\STM_mcu.SchDoc with TSW-112-07-L-S from STM_mcu.SchLib
